// Jest Snapshot v1, https://goo.gl/fbAQLP

exports[`should transform multiline expression 1`] = `"const div = \`<div><span>\${\\"Hello \\" + \\"World\\"}</span></div>\`;"`;
