// Jest Snapshot v1, https://goo.gl/fbAQLP

exports[`should transform nested expressions 1`] = `"const div = \`<div>\${Array(10).fill(null).map((e, i) => \`<div>\${i % 2 === 0 ? \`<span class=\\"even\\">\${i}</span>\` : \`<span>\${i}</span>\`}</div>\`)}</div>\`;"`;
