// Jest Snapshot v1, https://goo.gl/fbAQLP

exports[`should transform simple expression 1`] = `"const div = \`<div>\${\\"Hello \\" + \\"World\\"}</div>\`;"`;
